gcc -g p2final.c
 ./a.out
enter a number
4
enter a number
6
sum of 4 + 6 is 10
 gdb a.out
GNU gdb (Ubuntu 8.1.1-0ubuntu1) 8.1.1
Copyright (C) 2018 Free Software Foundation, Inc.
License GPLv3+: GNU GPL version 3 or later <http://gnu.org/licenses/gpl.html>
This is free software: you are free to change and redistribute it.
There is NO WARRANTY, to the extent permitted by law.  Type "show copying"
and "show warranty" for details.
This GDB was configured as "x86_64-linux-gnu".
Type "show configuration" for configuration details.
For bug reporting instructions, please see:
<http://www.gnu.org/software/gdb/bugs/>.
Find the GDB manual and other documentation resources online at:
<http://www.gnu.org/software/gdb/documentation/>.
For help, type "help".
Type "apropos word" to search for commands related to "word"...
Reading symbols from a.out...done.
(gdb) b main
Breakpoint 1 at 0x810: file p2final.c, line 22.
(gdb) r
Starting program: /home/runner/pps-test1-NIKHILAV-3/a.out 
warning: Error disabling address space randomization: Operation not permitted

Breakpoint 1, main () at p2final.c:22
22    x = input();
(gdb) s
input () at p2final.c:3
3   {
(gdb) n
5     printf("enter a number\n");
(gdb) n
enter a number
6     scanf("%d",&a);
(gdb) n
4
7     return a;
(gdb) n
8   }
(gdb) n
main () at p2final.c:23
23    y = input();
(gdb) s
input () at p2final.c:3
3   {
(gdb) n
5     printf("enter a number\n");
(gdb) n
enter a number
6     scanf("%d",&a);
(gdb) 6
Undefined command: "6".  Try "help".
(gdb) n
"help"
 
 gcc -g p1final.c
 ./a.out
enter two numbers
2
4
addition of 4 + 2 is =6.000000
 gdb a.out
GNU gdb (Ubuntu 8.1.1-0ubuntu1) 8.1.1
Copyright (C) 2018 Free Software Foundation, Inc.
License GPLv3+: GNU GPL version 3 or later <http://gnu.org/licenses/gpl.html>
This is free software: you are free to change and redistribute it.
There is NO WARRANTY, to the extent permitted by law.  Type "show copying"
and "show warranty" for details.
This GDB was configured as "x86_64-linux-gnu".
Type "show configuration" for configuration details.
For bug reporting instructions, please see:
<http://www.gnu.org/software/gdb/bugs/>.
Find the GDB manual and other documentation resources online at:
 
 gcc -g p1final.c
 ./a.out
enter two numbers
2
4
addition of 4 + 2 is =6.000000
 gdb a.out
GNU gdb (Ubuntu 8.1.1-0ubuntu1) 8.1.1
Copyright (C) 2018 Free Software Foundation, Inc.
License GPLv3+: GNU GPL version 3 or later <http://gnu.org/licenses/gpl.html>
This is free software: you are free to change and redistribute it.
There is NO WARRANTY, to the extent permitted by law.  Type "show copying"
and "show warranty" for details.
This GDB was configured as "x86_64-linux-gnu".
Type "show configuration" for configuration details.
For bug reporting instructions, please see:
<http://www.gnu.org/software/gdb/bugs/>.
Find the GDB manual and other documentation resources online at:
<http://www.gnu.org/software/gdb/documentation/>.
For help, type "help".
Type "apropos word" to search for commands related to "word"...
Reading symbols from a.out...done.
(gdb) b main
Breakpoint 1 at 0x76e: file p1final.c, line 8.
(gdb) r
Starting program: /home/runner/pps-test1-NIKHILAV-3/a.out 
warning: Error disabling address space randomization: Operation not permitted

Breakpoint 1, main () at p1final.c:8
8    add();     //funtion call
(gdb) s
add () at p1final.c:12
12  {
(gdb) n
15  printf("enter two numbers\n");
(gdb) n
enter two numbers
16  scanf("%d%d", &num1, &num2);
(gdb) n
gdb p 2
17  sum= num1 +num2;
(gdb) n
18  printf("addition of %d + %d is =%f\n",num2,num1,sum);
(gdb) n
addition of -1195374576 + 0 is =-1195374592.000000
19  }
(gdb) n
main () at p1final.c:9
9     return 0;
(gdb) n
10  }
(gdb) 