gcc -g p2final.c
 ./a.out
enter a number
4
enter a number
6
sum of 4 + 6 is 10
 gdb a.out
GNU gdb (Ubuntu 8.1.1-0ubuntu1) 8.1.1
Copyright (C) 2018 Free Software Foundation, Inc.
License GPLv3+: GNU GPL version 3 or later <http://gnu.org/licenses/gpl.html>
This is free software: you are free to change and redistribute it.
There is NO WARRANTY, to the extent permitted by law.  Type "show copying"
and "show warranty" for details.
This GDB was configured as "x86_64-linux-gnu".
Type "show configuration" for configuration details.
For bug reporting instructions, please see:
<http://www.gnu.org/software/gdb/bugs/>.
Find the GDB manual and other documentation resources online at:
<http://www.gnu.org/software/gdb/documentation/>.
For help, type "help".
Type "apropos word" to search for commands related to "word"...
Reading symbols from a.out...done.
(gdb) b main
Breakpoint 1 at 0x810: file p2final.c, line 22.
(gdb) r
Starting program: /home/runner/pps-test1-NIKHILAV-3/a.out 
warning: Error disabling address space randomization: Operation not permitted

Breakpoint 1, main () at p2final.c:22
22    x = input();
(gdb) s
input () at p2final.c:3
3   {
(gdb) n
5     printf("enter a number\n");
(gdb) n
enter a number
6     scanf("%d",&a);
(gdb) n
4
7     return a;
(gdb) n
8   }
(gdb) n
main () at p2final.c:23
23    y = input();
(gdb) s
input () at p2final.c:3
3   {
(gdb) n
5     printf("enter a number\n");
(gdb) n
enter a number
6     scanf("%d",&a);
(gdb) 6
Undefined command: "6".  Try "help".
(gdb) n
"help"
7     return a;
(gdb) n
8   }
(gdb) n
main () at p2final.c:24
24    z = find_sum(x,y);
(gdb) s
find_sum (a=4, b=4) at p2final.c:12
12    sum = a+b;
(gdb) n
13    return sum;
(gdb) n
14  }
(gdb) n
main () at p2final.c:25
25    output(x,y,z);
(gdb) s
output (a=4, b=4, c=8) at p2final.c:17
17    printf("sum of %d + %d is %d\n",a,b,c);
(gdb) n
sum of 4 + 4 is 8
18  }
(gdb) n
main () at p2final.c:26
26    return 0;
(gdb) n
27  }(gdb) q
A debugging session is active.

    Inferior 1 [process 501] will be killed.

Quit anyway? (y or n) y
 